============================= test session starts =============================
platform win32 -- Python 3.14.4, pytest-9.0.3, pluggy-1.6.0 -- C:\Python314\python.exe
cachedir: .pytest_cache
hypothesis profile 'default'
Using --randomly-seed=3485815364
rootdir: C:\Users\BBB\Fabric_4L\services\api
configfile: pyproject.toml
plugins: anyio-4.13.0, Faker-40.15.0, hypothesis-6.152.4, langsmith-0.8.0, asyncio-1.3.0, cov-7.1.0, randomly-4.1.0, timeout-2.4.0, xdist-3.8.0, respx-0.23.1, schemathesis-4.17.0
asyncio: mode=Mode.AUTO, debug=False, asyncio_default_fixture_loop_scope=None, asyncio_default_test_loop_scope=function
collecting ... collected 0 items / 1 error

=================================== ERRORS ====================================
_____________ ERROR collecting app/tests/test_auth_enforcement.py _____________
ImportError while importing test module 'C:\Users\BBB\Fabric_4L\services\api\app\tests\test_auth_enforcement.py'.
Hint: make sure your test modules/packages have valid Python names.
Traceback:
C:\Python314\Lib\importlib\__init__.py:88: in import_module
    return _bootstrap._gcd_import(name[level:], package, level)
           ^^^^^^^^^^^^^^^^^^^^^^^^^^^^^^^^^^^^^^^^^^^^^^^^^^^^
services\api\app\tests\test_auth_enforcement.py:24: in <module>
    from app.main import app
services\api\app\main.py:13: in <module>
    from app.routers import (
services\api\app\routers\accounts.py:7: in <module>
    from app.core.tenant_context import tenant_required
services\api\app\core\tenant_context.py:5: in <module>
    from app.core.security import TokenPayload, require_authenticated
services\api\app\core\security.py:8: in <module>
    from passlib.context import CryptContext
E   ModuleNotFoundError: No module named 'passlib'
============================== warnings summary ===============================
packages\shared\src\value_fabric\shared\identity\jwt.py:19
  C:\Users\BBB\Fabric_4L\packages\shared\src\value_fabric\shared\identity\jwt.py:19: UserWarning: Field name "keys" in "get_jwksResult" shadows an attribute in parent "TypedDictModel"
    class get_jwksResult(TypedDictModel):

packages\shared\src\value_fabric\shared\audit\models.py:154
  C:\Users\BBB\Fabric_4L\packages\shared\src\value_fabric\shared\audit\models.py:154: PydanticDeprecatedSince20: Support for class-based `config` is deprecated, use ConfigDict instead. Deprecated in Pydantic V2.0 to be removed in V3.0. See Pydantic V2 Migration Guide at https://errors.pydantic.dev/2.13/migration/
    class TenantResolvedDetails(BaseModel):

packages\shared\src\value_fabric\shared\security\config.py:52
  C:\Users\BBB\Fabric_4L\packages\shared\src\value_fabric\shared\security\config.py:52: PydanticDeprecatedSince20: Support for class-based `config` is deprecated, use ConfigDict instead. Deprecated in Pydantic V2.0 to be removed in V3.0. See Pydantic V2 Migration Guide at https://errors.pydantic.dev/2.13/migration/
    class SecurityConfig(BaseModel):

-- Docs: https://docs.pytest.org/en/stable/how-to/capture-warnings.html
=========================== short test summary info ===========================
ERROR services\api\app\tests\test_auth_enforcement.py
!!!!!!!!!!!!!!!!!!! Interrupted: 1 error during collection !!!!!!!!!!!!!!!!!!!!
======================== 3 warnings, 1 error in 1.09s =========================
